// Jest Snapshot v1, https://goo.gl/fbAQLP

exports[`Form should render 1`] = `
<div
  className="form"
>
  <ul
    className="form-header"
  >
    <li
      className="selected-page"
    >
      user
    </li>
    <li
      className=""
    >
      privacy
    </li>
    <li
      className=""
    >
      done
    </li>
  </ul>
  <form>
    <div>
      <div
        className="form-input"
      >
        <label
          htmlFor="name"
        >
          name:
        </label>
        <span
          className="required-mark"
        >
           * 
        </span>
        <input
          name="name"
          onChange={[Function]}
          placeholder="Name"
          required={true}
          type="text"
        />
      </div>
      <div
        className="form-input"
      >
        <label
          htmlFor="role"
        >
          role:
        </label>
        <input
          name="role"
          onChange={[Function]}
          placeholder="Role"
          type="text"
        />
      </div>
      <div
        className="form-input"
      >
        <label
          htmlFor="email"
        >
          email:
        </label>
        <span
          className="required-mark"
        >
           * 
        </span>
        <input
          name="email"
          onChange={[Function]}
          placeholder="Email Address"
          required={true}
          type="email"
        />
      </div>
      <div
        className="form-input"
      >
        <label
          htmlFor="password"
        >
          password:
        </label>
        <span
          className="required-mark"
        >
           * 
        </span>
        <input
          name="password"
          onChange={[Function]}
          placeholder="Password"
          required={true}
          type="password"
        />
      </div>
      
      <button
        disabled={false}
        onClick={[Function]}
        type="button"
      >
        Submit
      </button>
    </div>
  </form>
</div>
`;
