// Jest Snapshot v1, https://goo.gl/fbAQLP

exports[`FormUser should render 1`] = `
<div>
  <div
    className="form-input"
  >
    <label
      htmlFor="name"
    >
      name:
    </label>
    <span
      className="required-mark"
    >
       * 
    </span>
    <input
      name="name"
      onChange={[MockFunction]}
      placeholder="Name"
      required={true}
      type="text"
    />
  </div>
  <div
    className="form-input"
  >
    <label
      htmlFor="role"
    >
      role:
    </label>
    <input
      name="role"
      onChange={[MockFunction]}
      placeholder="Role"
      type="text"
    />
  </div>
  <div
    className="form-input"
  >
    <label
      htmlFor="email"
    >
      email:
    </label>
    <span
      className="required-mark"
    >
       * 
    </span>
    <input
      name="email"
      onChange={[MockFunction]}
      placeholder="Email Address"
      required={true}
      type="email"
    />
  </div>
  <div
    className="form-input"
  >
    <label
      htmlFor="password"
    >
      password:
    </label>
    <span
      className="required-mark"
    >
       * 
    </span>
    <input
      name="password"
      onChange={[MockFunction]}
      placeholder="Password"
      required={true}
      type="password"
    />
  </div>
  <p
    className="form-error"
  >
    undefined
  </p>
  <button
    disabled={true}
    onClick={[Function]}
    type="button"
  >
    Submit
  </button>
</div>
`;
